// Jest Snapshot v1, https://goo.gl/fbAQLP

exports[`<Box /> should render box props properly 1`] = `
<RNCSafeAreaProvider
  onInsetsChange={[Function]}
  style={
    Array [
      Object {
        "flex": 1,
      },
      undefined,
    ]
  }
>
  <View
    dataSet={Object {}}
    style={
      Object {
        "backgroundColor": "#FFFFFF",
        "borderColor": "#000000",
        "marginBottom": 16,
      }
    }
    testID="my-box"
  >
    <Text
      dataSet={Object {}}
      style={
        Object {
          "backgroundColor": undefined,
          "color": "#000000",
          "fontFamily": undefined,
          "fontSize": 14,
          "fontStyle": "normal",
          "fontWeight": "400",
          "letterSpacing": 0,
          "lineHeight": 21,
          "textDecorationLine": undefined,
        }
      }
    >
      Test Box
    </Text>
  </View>
</RNCSafeAreaProvider>
`;
