// Jest Snapshot v1, https://goo.gl/fbAQLP

exports[`<Button /> button event should working properly 1`] = `
<RNCSafeAreaProvider
  onInsetsChange={[Function]}
  style={
    Array [
      Object {
        "flex": 1,
      },
      undefined,
    ]
  }
>
  <View
    _text={
      Object {
        "color": "lightText",
      }
    }
    accessibilityRole="button"
    accessible={true}
    collapsable={false}
    colorScheme="primary"
    dataSet={Object {}}
    focusable={true}
    onBlur={[Function]}
    onClick={[Function]}
    onFocus={[Function]}
    onHoverIn={[Function]}
    onHoverOut={[Function]}
    onResponderGrant={[Function]}
    onResponderMove={[Function]}
    onResponderRelease={[Function]}
    onResponderTerminate={[Function]}
    onResponderTerminationRequest={[Function]}
    onStartShouldSetResponder={[Function]}
    style={
      Object {
        "alignItems": "center",
        "backgroundColor": "#06b6d4",
        "borderRadius": 4,
        "flexDirection": "row",
        "justifyContent": "center",
        "paddingBottom": 8,
        "paddingLeft": 12,
        "paddingRight": 12,
        "paddingTop": 8,
      }
    }
    testID="my-button"
  >
    <View
      dataSet={Object {}}
      style={
        Object {
          "alignItems": "center",
          "flexDirection": "row",
        }
      }
    >
      <View
        dataSet={Object {}}
        style={Object {}}
      >
        <Text
          dataSet={Object {}}
          style={
            Object {
              "backgroundColor": undefined,
              "color": "#FFFFFF",
              "fontFamily": undefined,
              "fontSize": 14,
              "fontStyle": "normal",
              "fontWeight": "500",
              "letterSpacing": 0,
              "lineHeight": 21,
              "textDecorationLine": undefined,
            }
          }
        >
          Test
        </Text>
      </View>
    </View>
  </View>
</RNCSafeAreaProvider>
`;
