// Jest Snapshot v1, https://goo.gl/fbAQLP

exports[`<Divider /> should render divider props properly 1`] = `
<RNCSafeAreaProvider
  onInsetsChange={[Function]}
  style={
    Array [
      Object {
        "flex": 1,
      },
      undefined,
    ]
  }
>
  <View
    aria-orientation="horizontal"
    dataSet={Object {}}
    style={
      Object {
        "backgroundColor": "#000000",
        "height": 2,
        "width": "100%",
      }
    }
    testID="my-divider"
    thickness={2}
  />
</RNCSafeAreaProvider>
`;
