// Jest Snapshot v1, https://goo.gl/fbAQLP

exports[`<Icon /> should render icon props properly 1`] = `
<RNCSafeAreaProvider
  onInsetsChange={[Function]}
  style={
    Array [
      Object {
        "flex": 1,
      },
      undefined,
    ]
  }
>
  <RNSVGSvgView
    _text={
      Object {
        "color": "lightText",
      }
    }
    accessibilityRole="image"
    align="xMidYMid"
    bbHeight={24}
    bbWidth={24}
    color={4294967295}
    dataSet={Object {}}
    focusable={false}
    meetOrSlice={0}
    minX={0}
    minY={0}
    stroke=""
    style={
      Array [
        Object {
          "backgroundColor": "transparent",
          "borderWidth": 0,
        },
        Object {
          "backgroundColor": "#000000",
          "color": "#FFFFFF",
          "height": 24,
          "width": 24,
        },
        Object {
          "flex": 0,
          "height": 24,
          "width": 24,
        },
      ]
    }
    testID="my-icon"
    tintColor={4294967295}
    vbHeight={36}
    vbWidth={36}
  >
    <RNSVGGroup
      propList={
        Array [
          "stroke",
        ]
      }
      stroke={null}
    >
      <RNSVGGroup>
        <RNSVGCircle
          cx="18"
          cy="18"
          fill={4278630100}
          propList={
            Array [
              "fill",
              "stroke",
            ]
          }
          r="17.5"
          stroke={4279137424}
        />
        <RNSVGCircle
          cx="18"
          cy="18"
          fill={4294967295}
          propList={
            Array [
              "fill",
              "stroke",
            ]
          }
          r="13.5"
          stroke={4279137424}
        />
        <RNSVGCircle
          cx="18"
          cy="18"
          fill={4278630100}
          propList={
            Array [
              "fill",
              "stroke",
            ]
          }
          r="9.5"
          stroke={4279137424}
        />
        <RNSVGCircle
          cx="18"
          cy="18"
          fill={4294967295}
          propList={
            Array [
              "fill",
              "stroke",
            ]
          }
          r="5.5"
          stroke={4279137424}
        />
      </RNSVGGroup>
    </RNSVGGroup>
  </RNSVGSvgView>
</RNCSafeAreaProvider>
`;
