// Jest Snapshot v1, https://goo.gl/fbAQLP

exports[`<Text /> should render text props properly 1`] = `
<RNCSafeAreaProvider
  onInsetsChange={[Function]}
  style={
    Array [
      Object {
        "flex": 1,
      },
      undefined,
    ]
  }
>
  <Text
    dataSet={Object {}}
    style={
      Object {
        "backgroundColor": undefined,
        "color": "#FFFFFF",
        "fontFamily": undefined,
        "fontSize": 14,
        "fontStyle": "normal",
        "fontWeight": "700",
        "letterSpacing": 0,
        "lineHeight": 21,
        "textDecorationLine": undefined,
      }
    }
    testID="my-text"
  >
    hello world
  </Text>
</RNCSafeAreaProvider>
`;
